[     349ms] [INFO] 🌐 i18next is made possible by our own product, Locize — consider powering your project with managed localization (AI, CDN, integrations): https://locize.com 💙 @ http://localhost/assets/issue.service-CTC2rMYd.js:0
[     818ms] [ERROR] Error: Minified React error #418; visit https://reactjs.org/docs/error-decoder.html?invariant=418 for the full message or use the non-minified dev environment for full errors and additional helpful warnings.
    at Ba (http://localhost/assets/react-dom-DaNjEFhM.js:6:4875)
    at Ul (http://localhost/assets/react-dom-DaNjEFhM.js:8:45057)
    at Nl (http://localhost/assets/react-dom-DaNjEFhM.js:8:39306)
    at Ml (http://localhost/assets/react-dom-DaNjEFhM.js:8:39279)
    at _l (http://localhost/assets/react-dom-DaNjEFhM.js:8:34367)
    at te (http://localhost/assets/react-dom-DaNjEFhM.js:1:1597)
    at MessagePort.se (http://localhost/assets/react-dom-DaNjEFhM.js:1:1967) @ http://localhost/assets/chunk-KS7C4IRE-CMpS5gbI.js:21
[     844ms] Error: Minified React error #418; visit https://reactjs.org/docs/error-decoder.html?invariant=418 for the full message or use the non-minified dev environment for full errors and additional helpful warnings.
    at Ba (http://localhost/assets/react-dom-DaNjEFhM.js:6:4875)
    at Ul (http://localhost/assets/react-dom-DaNjEFhM.js:8:45057)
    at Nl (http://localhost/assets/react-dom-DaNjEFhM.js:8:39306)
    at Ml (http://localhost/assets/react-dom-DaNjEFhM.js:8:39279)
    at _l (http://localhost/assets/react-dom-DaNjEFhM.js:8:34367)
    at te (http://localhost/assets/react-dom-DaNjEFhM.js:1:1597)
    at MessagePort.se (http://localhost/assets/react-dom-DaNjEFhM.js:1:1967)
[     845ms] Error: Minified React error #418; visit https://reactjs.org/docs/error-decoder.html?invariant=418 for the full message or use the non-minified dev environment for full errors and additional helpful warnings.
    at Ba (http://localhost/assets/react-dom-DaNjEFhM.js:6:4875)
    at Ul (http://localhost/assets/react-dom-DaNjEFhM.js:8:45057)
    at Nl (http://localhost/assets/react-dom-DaNjEFhM.js:8:39306)
    at Ml (http://localhost/assets/react-dom-DaNjEFhM.js:8:39279)
    at _l (http://localhost/assets/react-dom-DaNjEFhM.js:8:34367)
    at te (http://localhost/assets/react-dom-DaNjEFhM.js:1:1597)
    at MessagePort.se (http://localhost/assets/react-dom-DaNjEFhM.js:1:1967)
[     845ms] Error: Minified React error #418; visit https://reactjs.org/docs/error-decoder.html?invariant=418 for the full message or use the non-minified dev environment for full errors and additional helpful warnings.
    at Ba (http://localhost/assets/react-dom-DaNjEFhM.js:6:4875)
    at Ul (http://localhost/assets/react-dom-DaNjEFhM.js:8:45057)
    at Nl (http://localhost/assets/react-dom-DaNjEFhM.js:8:39306)
    at Ml (http://localhost/assets/react-dom-DaNjEFhM.js:8:39279)
    at _l (http://localhost/assets/react-dom-DaNjEFhM.js:8:34367)
    at te (http://localhost/assets/react-dom-DaNjEFhM.js:1:1597)
    at MessagePort.se (http://localhost/assets/react-dom-DaNjEFhM.js:1:1967)
[     845ms] Error: Minified React error #418; visit https://reactjs.org/docs/error-decoder.html?invariant=418 for the full message or use the non-minified dev environment for full errors and additional helpful warnings.
    at Ba (http://localhost/assets/react-dom-DaNjEFhM.js:6:4875)
    at Ul (http://localhost/assets/react-dom-DaNjEFhM.js:8:45057)
    at Nl (http://localhost/assets/react-dom-DaNjEFhM.js:8:39306)
    at Ml (http://localhost/assets/react-dom-DaNjEFhM.js:8:39279)
    at _l (http://localhost/assets/react-dom-DaNjEFhM.js:8:34367)
    at te (http://localhost/assets/react-dom-DaNjEFhM.js:1:1597)
    at MessagePort.se (http://localhost/assets/react-dom-DaNjEFhM.js:1:1967)
[     845ms] Error: Minified React error #418; visit https://reactjs.org/docs/error-decoder.html?invariant=418 for the full message or use the non-minified dev environment for full errors and additional helpful warnings.
    at Ba (http://localhost/assets/react-dom-DaNjEFhM.js:6:4875)
    at Ul (http://localhost/assets/react-dom-DaNjEFhM.js:8:45057)
    at Nl (http://localhost/assets/react-dom-DaNjEFhM.js:8:39306)
    at Ml (http://localhost/assets/react-dom-DaNjEFhM.js:8:39279)
    at _l (http://localhost/assets/react-dom-DaNjEFhM.js:8:34367)
    at te (http://localhost/assets/react-dom-DaNjEFhM.js:1:1597)
    at MessagePort.se (http://localhost/assets/react-dom-DaNjEFhM.js:1:1967)
[     847ms] Error: Minified React error #418; visit https://reactjs.org/docs/error-decoder.html?invariant=418 for the full message or use the non-minified dev environment for full errors and additional helpful warnings.
    at Ba (http://localhost/assets/react-dom-DaNjEFhM.js:6:4875)
    at Ul (http://localhost/assets/react-dom-DaNjEFhM.js:8:45057)
    at Nl (http://localhost/assets/react-dom-DaNjEFhM.js:8:39306)
    at Ml (http://localhost/assets/react-dom-DaNjEFhM.js:8:39279)
    at _l (http://localhost/assets/react-dom-DaNjEFhM.js:8:34367)
    at te (http://localhost/assets/react-dom-DaNjEFhM.js:1:1597)
    at MessagePort.se (http://localhost/assets/react-dom-DaNjEFhM.js:1:1967)
[     847ms] Error: Minified React error #418; visit https://reactjs.org/docs/error-decoder.html?invariant=418 for the full message or use the non-minified dev environment for full errors and additional helpful warnings.
    at Ba (http://localhost/assets/react-dom-DaNjEFhM.js:6:4875)
    at Ul (http://localhost/assets/react-dom-DaNjEFhM.js:8:45057)
    at Nl (http://localhost/assets/react-dom-DaNjEFhM.js:8:39306)
    at Ml (http://localhost/assets/react-dom-DaNjEFhM.js:8:39279)
    at _l (http://localhost/assets/react-dom-DaNjEFhM.js:8:34367)
    at te (http://localhost/assets/react-dom-DaNjEFhM.js:1:1597)
    at MessagePort.se (http://localhost/assets/react-dom-DaNjEFhM.js:1:1967)
[     847ms] Error: Minified React error #418; visit https://reactjs.org/docs/error-decoder.html?invariant=418 for the full message or use the non-minified dev environment for full errors and additional helpful warnings.
    at Ba (http://localhost/assets/react-dom-DaNjEFhM.js:6:4875)
    at Ul (http://localhost/assets/react-dom-DaNjEFhM.js:8:45057)
    at Nl (http://localhost/assets/react-dom-DaNjEFhM.js:8:39306)
    at Ml (http://localhost/assets/react-dom-DaNjEFhM.js:8:39279)
    at _l (http://localhost/assets/react-dom-DaNjEFhM.js:8:34367)
    at te (http://localhost/assets/react-dom-DaNjEFhM.js:1:1597)
    at MessagePort.se (http://localhost/assets/react-dom-DaNjEFhM.js:1:1967)
[     851ms] Error: Minified React error #418; visit https://reactjs.org/docs/error-decoder.html?invariant=418 for the full message or use the non-minified dev environment for full errors and additional helpful warnings.
    at Ba (http://localhost/assets/react-dom-DaNjEFhM.js:6:4875)
    at Ul (http://localhost/assets/react-dom-DaNjEFhM.js:8:45057)
    at Nl (http://localhost/assets/react-dom-DaNjEFhM.js:8:39306)
    at Ml (http://localhost/assets/react-dom-DaNjEFhM.js:8:39279)
    at _l (http://localhost/assets/react-dom-DaNjEFhM.js:8:34367)
    at te (http://localhost/assets/react-dom-DaNjEFhM.js:1:1597)
    at MessagePort.se (http://localhost/assets/react-dom-DaNjEFhM.js:1:1967)
[     851ms] Error: Minified React error #418; visit https://reactjs.org/docs/error-decoder.html?invariant=418 for the full message or use the non-minified dev environment for full errors and additional helpful warnings.
    at Ba (http://localhost/assets/react-dom-DaNjEFhM.js:6:4875)
    at Ul (http://localhost/assets/react-dom-DaNjEFhM.js:8:45057)
    at Nl (http://localhost/assets/react-dom-DaNjEFhM.js:8:39306)
    at Ml (http://localhost/assets/react-dom-DaNjEFhM.js:8:39279)
    at _l (http://localhost/assets/react-dom-DaNjEFhM.js:8:34367)
    at te (http://localhost/assets/react-dom-DaNjEFhM.js:1:1597)
    at MessagePort.se (http://localhost/assets/react-dom-DaNjEFhM.js:1:1967)
[     851ms] Error: Minified React error #418; visit https://reactjs.org/docs/error-decoder.html?invariant=418 for the full message or use the non-minified dev environment for full errors and additional helpful warnings.
    at Ba (http://localhost/assets/react-dom-DaNjEFhM.js:6:4875)
    at Ul (http://localhost/assets/react-dom-DaNjEFhM.js:8:45057)
    at Nl (http://localhost/assets/react-dom-DaNjEFhM.js:8:39306)
    at Ml (http://localhost/assets/react-dom-DaNjEFhM.js:8:39279)
    at _l (http://localhost/assets/react-dom-DaNjEFhM.js:8:34367)
    at te (http://localhost/assets/react-dom-DaNjEFhM.js:1:1597)
    at MessagePort.se (http://localhost/assets/react-dom-DaNjEFhM.js:1:1967)
[     851ms] Error: Minified React error #418; visit https://reactjs.org/docs/error-decoder.html?invariant=418 for the full message or use the non-minified dev environment for full errors and additional helpful warnings.
    at Ba (http://localhost/assets/react-dom-DaNjEFhM.js:6:4875)
    at Ul (http://localhost/assets/react-dom-DaNjEFhM.js:8:45057)
    at Nl (http://localhost/assets/react-dom-DaNjEFhM.js:8:39306)
    at Ml (http://localhost/assets/react-dom-DaNjEFhM.js:8:39279)
    at _l (http://localhost/assets/react-dom-DaNjEFhM.js:8:34367)
    at te (http://localhost/assets/react-dom-DaNjEFhM.js:1:1597)
    at MessagePort.se (http://localhost/assets/react-dom-DaNjEFhM.js:1:1967)
[     851ms] Error: Minified React error #418; visit https://reactjs.org/docs/error-decoder.html?invariant=418 for the full message or use the non-minified dev environment for full errors and additional helpful warnings.
    at Ba (http://localhost/assets/react-dom-DaNjEFhM.js:6:4875)
    at Ul (http://localhost/assets/react-dom-DaNjEFhM.js:8:45057)
    at Nl (http://localhost/assets/react-dom-DaNjEFhM.js:8:39306)
    at Ml (http://localhost/assets/react-dom-DaNjEFhM.js:8:39279)
    at _l (http://localhost/assets/react-dom-DaNjEFhM.js:8:34367)
    at te (http://localhost/assets/react-dom-DaNjEFhM.js:1:1597)
    at MessagePort.se (http://localhost/assets/react-dom-DaNjEFhM.js:1:1967)
[     851ms] Error: Minified React error #418; visit https://reactjs.org/docs/error-decoder.html?invariant=418 for the full message or use the non-minified dev environment for full errors and additional helpful warnings.
    at Ba (http://localhost/assets/react-dom-DaNjEFhM.js:6:4875)
    at Ul (http://localhost/assets/react-dom-DaNjEFhM.js:8:45057)
    at Nl (http://localhost/assets/react-dom-DaNjEFhM.js:8:39306)
    at Ml (http://localhost/assets/react-dom-DaNjEFhM.js:8:39279)
    at _l (http://localhost/assets/react-dom-DaNjEFhM.js:8:34367)
    at te (http://localhost/assets/react-dom-DaNjEFhM.js:1:1597)
    at MessagePort.se (http://localhost/assets/react-dom-DaNjEFhM.js:1:1967)
[     853ms] Error: Minified React error #418; visit https://reactjs.org/docs/error-decoder.html?invariant=418 for the full message or use the non-minified dev environment for full errors and additional helpful warnings.
    at Ba (http://localhost/assets/react-dom-DaNjEFhM.js:6:4875)
    at Ul (http://localhost/assets/react-dom-DaNjEFhM.js:8:45057)
    at Nl (http://localhost/assets/react-dom-DaNjEFhM.js:8:39306)
    at Ml (http://localhost/assets/react-dom-DaNjEFhM.js:8:39279)
    at _l (http://localhost/assets/react-dom-DaNjEFhM.js:8:34367)
    at te (http://localhost/assets/react-dom-DaNjEFhM.js:1:1597)
    at MessagePort.se (http://localhost/assets/react-dom-DaNjEFhM.js:1:1967)
[     853ms] Error: Minified React error #418; visit https://reactjs.org/docs/error-decoder.html?invariant=418 for the full message or use the non-minified dev environment for full errors and additional helpful warnings.
    at Ba (http://localhost/assets/react-dom-DaNjEFhM.js:6:4875)
    at Ul (http://localhost/assets/react-dom-DaNjEFhM.js:8:45057)
    at Nl (http://localhost/assets/react-dom-DaNjEFhM.js:8:39306)
    at Ml (http://localhost/assets/react-dom-DaNjEFhM.js:8:39279)
    at _l (http://localhost/assets/react-dom-DaNjEFhM.js:8:34367)
    at te (http://localhost/assets/react-dom-DaNjEFhM.js:1:1597)
    at MessagePort.se (http://localhost/assets/react-dom-DaNjEFhM.js:1:1967)
[     858ms] Error: Minified React error #418; visit https://reactjs.org/docs/error-decoder.html?invariant=418 for the full message or use the non-minified dev environment for full errors and additional helpful warnings.
    at Ba (http://localhost/assets/react-dom-DaNjEFhM.js:6:4875)
    at Ul (http://localhost/assets/react-dom-DaNjEFhM.js:8:45057)
    at Nl (http://localhost/assets/react-dom-DaNjEFhM.js:8:39306)
    at Ml (http://localhost/assets/react-dom-DaNjEFhM.js:8:39279)
    at _l (http://localhost/assets/react-dom-DaNjEFhM.js:8:34367)
    at te (http://localhost/assets/react-dom-DaNjEFhM.js:1:1597)
    at MessagePort.se (http://localhost/assets/react-dom-DaNjEFhM.js:1:1967)
[     858ms] Error: Minified React error #418; visit https://reactjs.org/docs/error-decoder.html?invariant=418 for the full message or use the non-minified dev environment for full errors and additional helpful warnings.
    at Ba (http://localhost/assets/react-dom-DaNjEFhM.js:6:4875)
    at Ul (http://localhost/assets/react-dom-DaNjEFhM.js:8:45057)
    at Nl (http://localhost/assets/react-dom-DaNjEFhM.js:8:39306)
    at Ml (http://localhost/assets/react-dom-DaNjEFhM.js:8:39279)
    at _l (http://localhost/assets/react-dom-DaNjEFhM.js:8:34367)
    at te (http://localhost/assets/react-dom-DaNjEFhM.js:1:1597)
    at MessagePort.se (http://localhost/assets/react-dom-DaNjEFhM.js:1:1967)
[     858ms] Error: Minified React error #418; visit https://reactjs.org/docs/error-decoder.html?invariant=418 for the full message or use the non-minified dev environment for full errors and additional helpful warnings.
    at Ba (http://localhost/assets/react-dom-DaNjEFhM.js:6:4875)
    at Ul (http://localhost/assets/react-dom-DaNjEFhM.js:8:45057)
    at Nl (http://localhost/assets/react-dom-DaNjEFhM.js:8:39306)
    at Ml (http://localhost/assets/react-dom-DaNjEFhM.js:8:39279)
    at _l (http://localhost/assets/react-dom-DaNjEFhM.js:8:34367)
    at te (http://localhost/assets/react-dom-DaNjEFhM.js:1:1597)
    at MessagePort.se (http://localhost/assets/react-dom-DaNjEFhM.js:1:1967)
[     858ms] Error: Minified React error #418; visit https://reactjs.org/docs/error-decoder.html?invariant=418 for the full message or use the non-minified dev environment for full errors and additional helpful warnings.
    at Ba (http://localhost/assets/react-dom-DaNjEFhM.js:6:4875)
    at Ul (http://localhost/assets/react-dom-DaNjEFhM.js:8:45057)
    at Nl (http://localhost/assets/react-dom-DaNjEFhM.js:8:39306)
    at Ml (http://localhost/assets/react-dom-DaNjEFhM.js:8:39279)
    at _l (http://localhost/assets/react-dom-DaNjEFhM.js:8:34367)
    at te (http://localhost/assets/react-dom-DaNjEFhM.js:1:1597)
    at MessagePort.se (http://localhost/assets/react-dom-DaNjEFhM.js:1:1967)
[     866ms] Error: Minified React error #418; visit https://reactjs.org/docs/error-decoder.html?invariant=418 for the full message or use the non-minified dev environment for full errors and additional helpful warnings.
    at Ba (http://localhost/assets/react-dom-DaNjEFhM.js:6:4875)
    at Ul (http://localhost/assets/react-dom-DaNjEFhM.js:8:45057)
    at Nl (http://localhost/assets/react-dom-DaNjEFhM.js:8:39306)
    at Ml (http://localhost/assets/react-dom-DaNjEFhM.js:8:39279)
    at _l (http://localhost/assets/react-dom-DaNjEFhM.js:8:34367)
    at te (http://localhost/assets/react-dom-DaNjEFhM.js:1:1597)
    at MessagePort.se (http://localhost/assets/react-dom-DaNjEFhM.js:1:1967)
[     866ms] Error: Minified React error #418; visit https://reactjs.org/docs/error-decoder.html?invariant=418 for the full message or use the non-minified dev environment for full errors and additional helpful warnings.
    at Ba (http://localhost/assets/react-dom-DaNjEFhM.js:6:4875)
    at Ul (http://localhost/assets/react-dom-DaNjEFhM.js:8:45057)
    at Nl (http://localhost/assets/react-dom-DaNjEFhM.js:8:39306)
    at Ml (http://localhost/assets/react-dom-DaNjEFhM.js:8:39279)
    at _l (http://localhost/assets/react-dom-DaNjEFhM.js:8:34367)
    at te (http://localhost/assets/react-dom-DaNjEFhM.js:1:1597)
    at MessagePort.se (http://localhost/assets/react-dom-DaNjEFhM.js:1:1967)
[     866ms] Error: Minified React error #418; visit https://reactjs.org/docs/error-decoder.html?invariant=418 for the full message or use the non-minified dev environment for full errors and additional helpful warnings.
    at Ba (http://localhost/assets/react-dom-DaNjEFhM.js:6:4875)
    at Ul (http://localhost/assets/react-dom-DaNjEFhM.js:8:45057)
    at Nl (http://localhost/assets/react-dom-DaNjEFhM.js:8:39306)
    at Ml (http://localhost/assets/react-dom-DaNjEFhM.js:8:39279)
    at _l (http://localhost/assets/react-dom-DaNjEFhM.js:8:34367)
    at te (http://localhost/assets/react-dom-DaNjEFhM.js:1:1597)
    at MessagePort.se (http://localhost/assets/react-dom-DaNjEFhM.js:1:1967)
[     866ms] Error: Minified React error #418; visit https://reactjs.org/docs/error-decoder.html?invariant=418 for the full message or use the non-minified dev environment for full errors and additional helpful warnings.
    at Ba (http://localhost/assets/react-dom-DaNjEFhM.js:6:4875)
    at Ul (http://localhost/assets/react-dom-DaNjEFhM.js:8:45057)
    at Nl (http://localhost/assets/react-dom-DaNjEFhM.js:8:39306)
    at Ml (http://localhost/assets/react-dom-DaNjEFhM.js:8:39279)
    at _l (http://localhost/assets/react-dom-DaNjEFhM.js:8:34367)
    at te (http://localhost/assets/react-dom-DaNjEFhM.js:1:1597)
    at MessagePort.se (http://localhost/assets/react-dom-DaNjEFhM.js:1:1967)
[     866ms] Error: Minified React error #418; visit https://reactjs.org/docs/error-decoder.html?invariant=418 for the full message or use the non-minified dev environment for full errors and additional helpful warnings.
    at Ba (http://localhost/assets/react-dom-DaNjEFhM.js:6:4875)
    at Ul (http://localhost/assets/react-dom-DaNjEFhM.js:8:45057)
    at Nl (http://localhost/assets/react-dom-DaNjEFhM.js:8:39306)
    at Ml (http://localhost/assets/react-dom-DaNjEFhM.js:8:39279)
    at _l (http://localhost/assets/react-dom-DaNjEFhM.js:8:34367)
    at te (http://localhost/assets/react-dom-DaNjEFhM.js:1:1597)
    at MessagePort.se (http://localhost/assets/react-dom-DaNjEFhM.js:1:1967)
[     866ms] Error: Minified React error #418; visit https://reactjs.org/docs/error-decoder.html?invariant=418 for the full message or use the non-minified dev environment for full errors and additional helpful warnings.
    at Ba (http://localhost/assets/react-dom-DaNjEFhM.js:6:4875)
    at Ul (http://localhost/assets/react-dom-DaNjEFhM.js:8:45057)
    at Nl (http://localhost/assets/react-dom-DaNjEFhM.js:8:39306)
    at Ml (http://localhost/assets/react-dom-DaNjEFhM.js:8:39279)
    at _l (http://localhost/assets/react-dom-DaNjEFhM.js:8:34367)
    at te (http://localhost/assets/react-dom-DaNjEFhM.js:1:1597)
    at MessagePort.se (http://localhost/assets/react-dom-DaNjEFhM.js:1:1967)
[     866ms] Error: Minified React error #418; visit https://reactjs.org/docs/error-decoder.html?invariant=418 for the full message or use the non-minified dev environment for full errors and additional helpful warnings.
    at Ba (http://localhost/assets/react-dom-DaNjEFhM.js:6:4875)
    at Ul (http://localhost/assets/react-dom-DaNjEFhM.js:8:45057)
    at Nl (http://localhost/assets/react-dom-DaNjEFhM.js:8:39306)
    at Ml (http://localhost/assets/react-dom-DaNjEFhM.js:8:39279)
    at _l (http://localhost/assets/react-dom-DaNjEFhM.js:8:34367)
    at te (http://localhost/assets/react-dom-DaNjEFhM.js:1:1597)
    at MessagePort.se (http://localhost/assets/react-dom-DaNjEFhM.js:1:1967)
[     866ms] Error: Minified React error #418; visit https://reactjs.org/docs/error-decoder.html?invariant=418 for the full message or use the non-minified dev environment for full errors and additional helpful warnings.
    at Ba (http://localhost/assets/react-dom-DaNjEFhM.js:6:4875)
    at Ul (http://localhost/assets/react-dom-DaNjEFhM.js:8:45057)
    at Nl (http://localhost/assets/react-dom-DaNjEFhM.js:8:39306)
    at Ml (http://localhost/assets/react-dom-DaNjEFhM.js:8:39279)
    at _l (http://localhost/assets/react-dom-DaNjEFhM.js:8:34367)
    at te (http://localhost/assets/react-dom-DaNjEFhM.js:1:1597)
    at MessagePort.se (http://localhost/assets/react-dom-DaNjEFhM.js:1:1967)
[     866ms] Error: Minified React error #418; visit https://reactjs.org/docs/error-decoder.html?invariant=418 for the full message or use the non-minified dev environment for full errors and additional helpful warnings.
    at Ba (http://localhost/assets/react-dom-DaNjEFhM.js:6:4875)
    at Ul (http://localhost/assets/react-dom-DaNjEFhM.js:8:45057)
    at Nl (http://localhost/assets/react-dom-DaNjEFhM.js:8:39306)
    at Ml (http://localhost/assets/react-dom-DaNjEFhM.js:8:39279)
    at _l (http://localhost/assets/react-dom-DaNjEFhM.js:8:34367)
    at te (http://localhost/assets/react-dom-DaNjEFhM.js:1:1597)
    at MessagePort.se (http://localhost/assets/react-dom-DaNjEFhM.js:1:1967)
[     866ms] Error: Minified React error #418; visit https://reactjs.org/docs/error-decoder.html?invariant=418 for the full message or use the non-minified dev environment for full errors and additional helpful warnings.
    at Ba (http://localhost/assets/react-dom-DaNjEFhM.js:6:4875)
    at Ul (http://localhost/assets/react-dom-DaNjEFhM.js:8:45057)
    at Nl (http://localhost/assets/react-dom-DaNjEFhM.js:8:39306)
    at Ml (http://localhost/assets/react-dom-DaNjEFhM.js:8:39279)
    at _l (http://localhost/assets/react-dom-DaNjEFhM.js:8:34367)
    at te (http://localhost/assets/react-dom-DaNjEFhM.js:1:1597)
    at MessagePort.se (http://localhost/assets/react-dom-DaNjEFhM.js:1:1967)
[     866ms] Error: Minified React error #418; visit https://reactjs.org/docs/error-decoder.html?invariant=418 for the full message or use the non-minified dev environment for full errors and additional helpful warnings.
    at Ba (http://localhost/assets/react-dom-DaNjEFhM.js:6:4875)
    at Ul (http://localhost/assets/react-dom-DaNjEFhM.js:8:45057)
    at Nl (http://localhost/assets/react-dom-DaNjEFhM.js:8:39306)
    at Ml (http://localhost/assets/react-dom-DaNjEFhM.js:8:39279)
    at _l (http://localhost/assets/react-dom-DaNjEFhM.js:8:34367)
    at te (http://localhost/assets/react-dom-DaNjEFhM.js:1:1597)
    at MessagePort.se (http://localhost/assets/react-dom-DaNjEFhM.js:1:1967)
[     867ms] Error: Minified React error #418; visit https://reactjs.org/docs/error-decoder.html?invariant=418 for the full message or use the non-minified dev environment for full errors and additional helpful warnings.
    at Ba (http://localhost/assets/react-dom-DaNjEFhM.js:6:4875)
    at Ul (http://localhost/assets/react-dom-DaNjEFhM.js:8:45057)
    at Nl (http://localhost/assets/react-dom-DaNjEFhM.js:8:39306)
    at Ml (http://localhost/assets/react-dom-DaNjEFhM.js:8:39279)
    at _l (http://localhost/assets/react-dom-DaNjEFhM.js:8:34367)
    at te (http://localhost/assets/react-dom-DaNjEFhM.js:1:1597)
    at MessagePort.se (http://localhost/assets/react-dom-DaNjEFhM.js:1:1967)
[     873ms] Error: Minified React error #418; visit https://reactjs.org/docs/error-decoder.html?invariant=418 for the full message or use the non-minified dev environment for full errors and additional helpful warnings.
    at Ba (http://localhost/assets/react-dom-DaNjEFhM.js:6:4875)
    at Ul (http://localhost/assets/react-dom-DaNjEFhM.js:8:45057)
    at Nl (http://localhost/assets/react-dom-DaNjEFhM.js:8:39306)
    at Ml (http://localhost/assets/react-dom-DaNjEFhM.js:8:39279)
    at _l (http://localhost/assets/react-dom-DaNjEFhM.js:8:34367)
    at te (http://localhost/assets/react-dom-DaNjEFhM.js:1:1597)
    at MessagePort.se (http://localhost/assets/react-dom-DaNjEFhM.js:1:1967)
[     879ms] Error: Minified React error #418; visit https://reactjs.org/docs/error-decoder.html?invariant=418 for the full message or use the non-minified dev environment for full errors and additional helpful warnings.
    at Ba (http://localhost/assets/react-dom-DaNjEFhM.js:6:4875)
    at Ul (http://localhost/assets/react-dom-DaNjEFhM.js:8:45057)
    at Nl (http://localhost/assets/react-dom-DaNjEFhM.js:8:39306)
    at Ml (http://localhost/assets/react-dom-DaNjEFhM.js:8:39279)
    at _l (http://localhost/assets/react-dom-DaNjEFhM.js:8:34367)
    at te (http://localhost/assets/react-dom-DaNjEFhM.js:1:1597)
    at MessagePort.se (http://localhost/assets/react-dom-DaNjEFhM.js:1:1967)
[     879ms] Error: Minified React error #418; visit https://reactjs.org/docs/error-decoder.html?invariant=418 for the full message or use the non-minified dev environment for full errors and additional helpful warnings.
    at Ba (http://localhost/assets/react-dom-DaNjEFhM.js:6:4875)
    at Ul (http://localhost/assets/react-dom-DaNjEFhM.js:8:45057)
    at Nl (http://localhost/assets/react-dom-DaNjEFhM.js:8:39306)
    at Ml (http://localhost/assets/react-dom-DaNjEFhM.js:8:39279)
    at _l (http://localhost/assets/react-dom-DaNjEFhM.js:8:34367)
    at te (http://localhost/assets/react-dom-DaNjEFhM.js:1:1597)
    at MessagePort.se (http://localhost/assets/react-dom-DaNjEFhM.js:1:1967)
[     879ms] Error: Minified React error #418; visit https://reactjs.org/docs/error-decoder.html?invariant=418 for the full message or use the non-minified dev environment for full errors and additional helpful warnings.
    at Ba (http://localhost/assets/react-dom-DaNjEFhM.js:6:4875)
    at Ul (http://localhost/assets/react-dom-DaNjEFhM.js:8:45057)
    at Nl (http://localhost/assets/react-dom-DaNjEFhM.js:8:39306)
    at Ml (http://localhost/assets/react-dom-DaNjEFhM.js:8:39279)
    at _l (http://localhost/assets/react-dom-DaNjEFhM.js:8:34367)
    at te (http://localhost/assets/react-dom-DaNjEFhM.js:1:1597)
    at MessagePort.se (http://localhost/assets/react-dom-DaNjEFhM.js:1:1967)
[     880ms] Error: Minified React error #418; visit https://reactjs.org/docs/error-decoder.html?invariant=418 for the full message or use the non-minified dev environment for full errors and additional helpful warnings.
    at Ba (http://localhost/assets/react-dom-DaNjEFhM.js:6:4875)
    at Ul (http://localhost/assets/react-dom-DaNjEFhM.js:8:45057)
    at Nl (http://localhost/assets/react-dom-DaNjEFhM.js:8:39306)
    at Ml (http://localhost/assets/react-dom-DaNjEFhM.js:8:39279)
    at _l (http://localhost/assets/react-dom-DaNjEFhM.js:8:34367)
    at te (http://localhost/assets/react-dom-DaNjEFhM.js:1:1597)
    at MessagePort.se (http://localhost/assets/react-dom-DaNjEFhM.js:1:1967)
[     880ms] Error: Minified React error #418; visit https://reactjs.org/docs/error-decoder.html?invariant=418 for the full message or use the non-minified dev environment for full errors and additional helpful warnings.
    at Ba (http://localhost/assets/react-dom-DaNjEFhM.js:6:4875)
    at Ul (http://localhost/assets/react-dom-DaNjEFhM.js:8:45057)
    at Nl (http://localhost/assets/react-dom-DaNjEFhM.js:8:39306)
    at Ml (http://localhost/assets/react-dom-DaNjEFhM.js:8:39279)
    at _l (http://localhost/assets/react-dom-DaNjEFhM.js:8:34367)
    at te (http://localhost/assets/react-dom-DaNjEFhM.js:1:1597)
    at MessagePort.se (http://localhost/assets/react-dom-DaNjEFhM.js:1:1967)
[     880ms] Error: Minified React error #423; visit https://reactjs.org/docs/error-decoder.html?invariant=423 for the full message or use the non-minified dev environment for full errors and additional helpful warnings.
    at Ul (http://localhost/assets/react-dom-DaNjEFhM.js:8:44720)
    at Nl (http://localhost/assets/react-dom-DaNjEFhM.js:8:39306)
    at jl (http://localhost/assets/react-dom-DaNjEFhM.js:8:39237)
    at Al (http://localhost/assets/react-dom-DaNjEFhM.js:8:39097)
    at vl (http://localhost/assets/react-dom-DaNjEFhM.js:8:35533)
    at _l (http://localhost/assets/react-dom-DaNjEFhM.js:8:34499)
    at te (http://localhost/assets/react-dom-DaNjEFhM.js:1:1597)
    at MessagePort.se (http://localhost/assets/react-dom-DaNjEFhM.js:1:1967)
[   19363ms] [ERROR] Failed to load resource: the server responded with a status of 401 (Unauthorized) @ http://localhost/api/instances/admins/me/:0
[   19369ms] [ERROR] Failed to load resource: the server responded with a status of 401 (Unauthorized) @ http://localhost/api/instances/admins/:0
