[     197ms] [INFO] 🌐 i18next is made possible by our own product, Locize — consider powering your project with managed localization (AI, CDN, integrations): https://locize.com 💙 @ http://localhost/assets/issue.service-CTC2rMYd.js:0
[     388ms] [ERROR] Error: Minified React error #418; visit https://reactjs.org/docs/error-decoder.html?invariant=418 for the full message or use the non-minified dev environment for full errors and additional helpful warnings.
    at Ba (http://localhost/assets/react-dom-DaNjEFhM.js:6:4875)
    at Ul (http://localhost/assets/react-dom-DaNjEFhM.js:8:45057)
    at Nl (http://localhost/assets/react-dom-DaNjEFhM.js:8:39306)
    at Ml (http://localhost/assets/react-dom-DaNjEFhM.js:8:39279)
    at _l (http://localhost/assets/react-dom-DaNjEFhM.js:8:34367)
    at te (http://localhost/assets/react-dom-DaNjEFhM.js:1:1597)
    at MessagePort.se (http://localhost/assets/react-dom-DaNjEFhM.js:1:1967) @ http://localhost/assets/chunk-KS7C4IRE-CMpS5gbI.js:21
[     401ms] Error: Minified React error #418; visit https://reactjs.org/docs/error-decoder.html?invariant=418 for the full message or use the non-minified dev environment for full errors and additional helpful warnings.
    at Ba (http://localhost/assets/react-dom-DaNjEFhM.js:6:4875)
    at Ul (http://localhost/assets/react-dom-DaNjEFhM.js:8:45057)
    at Nl (http://localhost/assets/react-dom-DaNjEFhM.js:8:39306)
    at Ml (http://localhost/assets/react-dom-DaNjEFhM.js:8:39279)
    at _l (http://localhost/assets/react-dom-DaNjEFhM.js:8:34367)
    at te (http://localhost/assets/react-dom-DaNjEFhM.js:1:1597)
    at MessagePort.se (http://localhost/assets/react-dom-DaNjEFhM.js:1:1967)
[     401ms] Error: Minified React error #418; visit https://reactjs.org/docs/error-decoder.html?invariant=418 for the full message or use the non-minified dev environment for full errors and additional helpful warnings.
    at Ba (http://localhost/assets/react-dom-DaNjEFhM.js:6:4875)
    at Ul (http://localhost/assets/react-dom-DaNjEFhM.js:8:45057)
    at Nl (http://localhost/assets/react-dom-DaNjEFhM.js:8:39306)
    at Ml (http://localhost/assets/react-dom-DaNjEFhM.js:8:39279)
    at _l (http://localhost/assets/react-dom-DaNjEFhM.js:8:34367)
    at te (http://localhost/assets/react-dom-DaNjEFhM.js:1:1597)
    at MessagePort.se (http://localhost/assets/react-dom-DaNjEFhM.js:1:1967)
[     401ms] Error: Minified React error #418; visit https://reactjs.org/docs/error-decoder.html?invariant=418 for the full message or use the non-minified dev environment for full errors and additional helpful warnings.
    at Ba (http://localhost/assets/react-dom-DaNjEFhM.js:6:4875)
    at Ul (http://localhost/assets/react-dom-DaNjEFhM.js:8:45057)
    at Nl (http://localhost/assets/react-dom-DaNjEFhM.js:8:39306)
    at Ml (http://localhost/assets/react-dom-DaNjEFhM.js:8:39279)
    at _l (http://localhost/assets/react-dom-DaNjEFhM.js:8:34367)
    at te (http://localhost/assets/react-dom-DaNjEFhM.js:1:1597)
    at MessagePort.se (http://localhost/assets/react-dom-DaNjEFhM.js:1:1967)
[     401ms] Error: Minified React error #418; visit https://reactjs.org/docs/error-decoder.html?invariant=418 for the full message or use the non-minified dev environment for full errors and additional helpful warnings.
    at Ba (http://localhost/assets/react-dom-DaNjEFhM.js:6:4875)
    at Ul (http://localhost/assets/react-dom-DaNjEFhM.js:8:45057)
    at Nl (http://localhost/assets/react-dom-DaNjEFhM.js:8:39306)
    at Ml (http://localhost/assets/react-dom-DaNjEFhM.js:8:39279)
    at _l (http://localhost/assets/react-dom-DaNjEFhM.js:8:34367)
    at te (http://localhost/assets/react-dom-DaNjEFhM.js:1:1597)
    at MessagePort.se (http://localhost/assets/react-dom-DaNjEFhM.js:1:1967)
[     401ms] Error: Minified React error #418; visit https://reactjs.org/docs/error-decoder.html?invariant=418 for the full message or use the non-minified dev environment for full errors and additional helpful warnings.
    at Ba (http://localhost/assets/react-dom-DaNjEFhM.js:6:4875)
    at Ul (http://localhost/assets/react-dom-DaNjEFhM.js:8:45057)
    at Nl (http://localhost/assets/react-dom-DaNjEFhM.js:8:39306)
    at Ml (http://localhost/assets/react-dom-DaNjEFhM.js:8:39279)
    at _l (http://localhost/assets/react-dom-DaNjEFhM.js:8:34367)
    at te (http://localhost/assets/react-dom-DaNjEFhM.js:1:1597)
    at MessagePort.se (http://localhost/assets/react-dom-DaNjEFhM.js:1:1967)
[     402ms] Error: Minified React error #418; visit https://reactjs.org/docs/error-decoder.html?invariant=418 for the full message or use the non-minified dev environment for full errors and additional helpful warnings.
    at Ba (http://localhost/assets/react-dom-DaNjEFhM.js:6:4875)
    at Ul (http://localhost/assets/react-dom-DaNjEFhM.js:8:45057)
    at Nl (http://localhost/assets/react-dom-DaNjEFhM.js:8:39306)
    at Ml (http://localhost/assets/react-dom-DaNjEFhM.js:8:39279)
    at _l (http://localhost/assets/react-dom-DaNjEFhM.js:8:34367)
    at te (http://localhost/assets/react-dom-DaNjEFhM.js:1:1597)
    at MessagePort.se (http://localhost/assets/react-dom-DaNjEFhM.js:1:1967)
[     402ms] Error: Minified React error #418; visit https://reactjs.org/docs/error-decoder.html?invariant=418 for the full message or use the non-minified dev environment for full errors and additional helpful warnings.
    at Ba (http://localhost/assets/react-dom-DaNjEFhM.js:6:4875)
    at Ul (http://localhost/assets/react-dom-DaNjEFhM.js:8:45057)
    at Nl (http://localhost/assets/react-dom-DaNjEFhM.js:8:39306)
    at Ml (http://localhost/assets/react-dom-DaNjEFhM.js:8:39279)
    at _l (http://localhost/assets/react-dom-DaNjEFhM.js:8:34367)
    at te (http://localhost/assets/react-dom-DaNjEFhM.js:1:1597)
    at MessagePort.se (http://localhost/assets/react-dom-DaNjEFhM.js:1:1967)
[     417ms] Error: Minified React error #418; visit https://reactjs.org/docs/error-decoder.html?invariant=418 for the full message or use the non-minified dev environment for full errors and additional helpful warnings.
    at Ba (http://localhost/assets/react-dom-DaNjEFhM.js:6:4875)
    at Ul (http://localhost/assets/react-dom-DaNjEFhM.js:8:45057)
    at Nl (http://localhost/assets/react-dom-DaNjEFhM.js:8:39306)
    at Ml (http://localhost/assets/react-dom-DaNjEFhM.js:8:39279)
    at _l (http://localhost/assets/react-dom-DaNjEFhM.js:8:34367)
    at te (http://localhost/assets/react-dom-DaNjEFhM.js:1:1597)
    at MessagePort.se (http://localhost/assets/react-dom-DaNjEFhM.js:1:1967)
[     417ms] Error: Minified React error #418; visit https://reactjs.org/docs/error-decoder.html?invariant=418 for the full message or use the non-minified dev environment for full errors and additional helpful warnings.
    at Ba (http://localhost/assets/react-dom-DaNjEFhM.js:6:4875)
    at Ul (http://localhost/assets/react-dom-DaNjEFhM.js:8:45057)
    at Nl (http://localhost/assets/react-dom-DaNjEFhM.js:8:39306)
    at Ml (http://localhost/assets/react-dom-DaNjEFhM.js:8:39279)
    at _l (http://localhost/assets/react-dom-DaNjEFhM.js:8:34367)
    at te (http://localhost/assets/react-dom-DaNjEFhM.js:1:1597)
    at MessagePort.se (http://localhost/assets/react-dom-DaNjEFhM.js:1:1967)
[     417ms] Error: Minified React error #418; visit https://reactjs.org/docs/error-decoder.html?invariant=418 for the full message or use the non-minified dev environment for full errors and additional helpful warnings.
    at Ba (http://localhost/assets/react-dom-DaNjEFhM.js:6:4875)
    at Ul (http://localhost/assets/react-dom-DaNjEFhM.js:8:45057)
    at Nl (http://localhost/assets/react-dom-DaNjEFhM.js:8:39306)
    at Ml (http://localhost/assets/react-dom-DaNjEFhM.js:8:39279)
    at _l (http://localhost/assets/react-dom-DaNjEFhM.js:8:34367)
    at te (http://localhost/assets/react-dom-DaNjEFhM.js:1:1597)
    at MessagePort.se (http://localhost/assets/react-dom-DaNjEFhM.js:1:1967)
[     417ms] Error: Minified React error #418; visit https://reactjs.org/docs/error-decoder.html?invariant=418 for the full message or use the non-minified dev environment for full errors and additional helpful warnings.
    at Ba (http://localhost/assets/react-dom-DaNjEFhM.js:6:4875)
    at Ul (http://localhost/assets/react-dom-DaNjEFhM.js:8:45057)
    at Nl (http://localhost/assets/react-dom-DaNjEFhM.js:8:39306)
    at Ml (http://localhost/assets/react-dom-DaNjEFhM.js:8:39279)
    at _l (http://localhost/assets/react-dom-DaNjEFhM.js:8:34367)
    at te (http://localhost/assets/react-dom-DaNjEFhM.js:1:1597)
    at MessagePort.se (http://localhost/assets/react-dom-DaNjEFhM.js:1:1967)
[     417ms] Error: Minified React error #418; visit https://reactjs.org/docs/error-decoder.html?invariant=418 for the full message or use the non-minified dev environment for full errors and additional helpful warnings.
    at Ba (http://localhost/assets/react-dom-DaNjEFhM.js:6:4875)
    at Ul (http://localhost/assets/react-dom-DaNjEFhM.js:8:45057)
    at Nl (http://localhost/assets/react-dom-DaNjEFhM.js:8:39306)
    at Ml (http://localhost/assets/react-dom-DaNjEFhM.js:8:39279)
    at _l (http://localhost/assets/react-dom-DaNjEFhM.js:8:34367)
    at te (http://localhost/assets/react-dom-DaNjEFhM.js:1:1597)
    at MessagePort.se (http://localhost/assets/react-dom-DaNjEFhM.js:1:1967)
[     417ms] Error: Minified React error #418; visit https://reactjs.org/docs/error-decoder.html?invariant=418 for the full message or use the non-minified dev environment for full errors and additional helpful warnings.
    at Ba (http://localhost/assets/react-dom-DaNjEFhM.js:6:4875)
    at Ul (http://localhost/assets/react-dom-DaNjEFhM.js:8:45057)
    at Nl (http://localhost/assets/react-dom-DaNjEFhM.js:8:39306)
    at Ml (http://localhost/assets/react-dom-DaNjEFhM.js:8:39279)
    at _l (http://localhost/assets/react-dom-DaNjEFhM.js:8:34367)
    at te (http://localhost/assets/react-dom-DaNjEFhM.js:1:1597)
    at MessagePort.se (http://localhost/assets/react-dom-DaNjEFhM.js:1:1967)
[     418ms] Error: Minified React error #418; visit https://reactjs.org/docs/error-decoder.html?invariant=418 for the full message or use the non-minified dev environment for full errors and additional helpful warnings.
    at Ba (http://localhost/assets/react-dom-DaNjEFhM.js:6:4875)
    at Ul (http://localhost/assets/react-dom-DaNjEFhM.js:8:45057)
    at Nl (http://localhost/assets/react-dom-DaNjEFhM.js:8:39306)
    at Ml (http://localhost/assets/react-dom-DaNjEFhM.js:8:39279)
    at _l (http://localhost/assets/react-dom-DaNjEFhM.js:8:34367)
    at te (http://localhost/assets/react-dom-DaNjEFhM.js:1:1597)
    at MessagePort.se (http://localhost/assets/react-dom-DaNjEFhM.js:1:1967)
[     419ms] Error: Minified React error #418; visit https://reactjs.org/docs/error-decoder.html?invariant=418 for the full message or use the non-minified dev environment for full errors and additional helpful warnings.
    at Ba (http://localhost/assets/react-dom-DaNjEFhM.js:6:4875)
    at Ul (http://localhost/assets/react-dom-DaNjEFhM.js:8:45057)
    at Nl (http://localhost/assets/react-dom-DaNjEFhM.js:8:39306)
    at Ml (http://localhost/assets/react-dom-DaNjEFhM.js:8:39279)
    at _l (http://localhost/assets/react-dom-DaNjEFhM.js:8:34367)
    at te (http://localhost/assets/react-dom-DaNjEFhM.js:1:1597)
    at MessagePort.se (http://localhost/assets/react-dom-DaNjEFhM.js:1:1967)
[     419ms] Error: Minified React error #418; visit https://reactjs.org/docs/error-decoder.html?invariant=418 for the full message or use the non-minified dev environment for full errors and additional helpful warnings.
    at Ba (http://localhost/assets/react-dom-DaNjEFhM.js:6:4875)
    at Ul (http://localhost/assets/react-dom-DaNjEFhM.js:8:45057)
    at Nl (http://localhost/assets/react-dom-DaNjEFhM.js:8:39306)
    at Ml (http://localhost/assets/react-dom-DaNjEFhM.js:8:39279)
    at _l (http://localhost/assets/react-dom-DaNjEFhM.js:8:34367)
    at te (http://localhost/assets/react-dom-DaNjEFhM.js:1:1597)
    at MessagePort.se (http://localhost/assets/react-dom-DaNjEFhM.js:1:1967)
[     419ms] Error: Minified React error #418; visit https://reactjs.org/docs/error-decoder.html?invariant=418 for the full message or use the non-minified dev environment for full errors and additional helpful warnings.
    at Ba (http://localhost/assets/react-dom-DaNjEFhM.js:6:4875)
    at Ul (http://localhost/assets/react-dom-DaNjEFhM.js:8:45057)
    at Nl (http://localhost/assets/react-dom-DaNjEFhM.js:8:39306)
    at Ml (http://localhost/assets/react-dom-DaNjEFhM.js:8:39279)
    at _l (http://localhost/assets/react-dom-DaNjEFhM.js:8:34367)
    at te (http://localhost/assets/react-dom-DaNjEFhM.js:1:1597)
    at MessagePort.se (http://localhost/assets/react-dom-DaNjEFhM.js:1:1967)
[     419ms] Error: Minified React error #418; visit https://reactjs.org/docs/error-decoder.html?invariant=418 for the full message or use the non-minified dev environment for full errors and additional helpful warnings.
    at Ba (http://localhost/assets/react-dom-DaNjEFhM.js:6:4875)
    at Ul (http://localhost/assets/react-dom-DaNjEFhM.js:8:45057)
    at Nl (http://localhost/assets/react-dom-DaNjEFhM.js:8:39306)
    at Ml (http://localhost/assets/react-dom-DaNjEFhM.js:8:39279)
    at _l (http://localhost/assets/react-dom-DaNjEFhM.js:8:34367)
    at te (http://localhost/assets/react-dom-DaNjEFhM.js:1:1597)
    at MessagePort.se (http://localhost/assets/react-dom-DaNjEFhM.js:1:1967)
[     419ms] Error: Minified React error #418; visit https://reactjs.org/docs/error-decoder.html?invariant=418 for the full message or use the non-minified dev environment for full errors and additional helpful warnings.
    at Ba (http://localhost/assets/react-dom-DaNjEFhM.js:6:4875)
    at Ul (http://localhost/assets/react-dom-DaNjEFhM.js:8:45057)
    at Nl (http://localhost/assets/react-dom-DaNjEFhM.js:8:39306)
    at Ml (http://localhost/assets/react-dom-DaNjEFhM.js:8:39279)
    at _l (http://localhost/assets/react-dom-DaNjEFhM.js:8:34367)
    at te (http://localhost/assets/react-dom-DaNjEFhM.js:1:1597)
    at MessagePort.se (http://localhost/assets/react-dom-DaNjEFhM.js:1:1967)
[     419ms] Error: Minified React error #418; visit https://reactjs.org/docs/error-decoder.html?invariant=418 for the full message or use the non-minified dev environment for full errors and additional helpful warnings.
    at Ba (http://localhost/assets/react-dom-DaNjEFhM.js:6:4875)
    at Ul (http://localhost/assets/react-dom-DaNjEFhM.js:8:45057)
    at Nl (http://localhost/assets/react-dom-DaNjEFhM.js:8:39306)
    at Ml (http://localhost/assets/react-dom-DaNjEFhM.js:8:39279)
    at _l (http://localhost/assets/react-dom-DaNjEFhM.js:8:34367)
    at te (http://localhost/assets/react-dom-DaNjEFhM.js:1:1597)
    at MessagePort.se (http://localhost/assets/react-dom-DaNjEFhM.js:1:1967)
[     419ms] Error: Minified React error #418; visit https://reactjs.org/docs/error-decoder.html?invariant=418 for the full message or use the non-minified dev environment for full errors and additional helpful warnings.
    at Ba (http://localhost/assets/react-dom-DaNjEFhM.js:6:4875)
    at Ul (http://localhost/assets/react-dom-DaNjEFhM.js:8:45057)
    at Nl (http://localhost/assets/react-dom-DaNjEFhM.js:8:39306)
    at Ml (http://localhost/assets/react-dom-DaNjEFhM.js:8:39279)
    at _l (http://localhost/assets/react-dom-DaNjEFhM.js:8:34367)
    at te (http://localhost/assets/react-dom-DaNjEFhM.js:1:1597)
    at MessagePort.se (http://localhost/assets/react-dom-DaNjEFhM.js:1:1967)
[     420ms] Error: Minified React error #418; visit https://reactjs.org/docs/error-decoder.html?invariant=418 for the full message or use the non-minified dev environment for full errors and additional helpful warnings.
    at Ba (http://localhost/assets/react-dom-DaNjEFhM.js:6:4875)
    at Ul (http://localhost/assets/react-dom-DaNjEFhM.js:8:45057)
    at Nl (http://localhost/assets/react-dom-DaNjEFhM.js:8:39306)
    at Ml (http://localhost/assets/react-dom-DaNjEFhM.js:8:39279)
    at _l (http://localhost/assets/react-dom-DaNjEFhM.js:8:34367)
    at te (http://localhost/assets/react-dom-DaNjEFhM.js:1:1597)
    at MessagePort.se (http://localhost/assets/react-dom-DaNjEFhM.js:1:1967)
[     420ms] Error: Minified React error #418; visit https://reactjs.org/docs/error-decoder.html?invariant=418 for the full message or use the non-minified dev environment for full errors and additional helpful warnings.
    at Ba (http://localhost/assets/react-dom-DaNjEFhM.js:6:4875)
    at Ul (http://localhost/assets/react-dom-DaNjEFhM.js:8:45057)
    at Nl (http://localhost/assets/react-dom-DaNjEFhM.js:8:39306)
    at Ml (http://localhost/assets/react-dom-DaNjEFhM.js:8:39279)
    at _l (http://localhost/assets/react-dom-DaNjEFhM.js:8:34367)
    at te (http://localhost/assets/react-dom-DaNjEFhM.js:1:1597)
    at MessagePort.se (http://localhost/assets/react-dom-DaNjEFhM.js:1:1967)
[     429ms] Error: Minified React error #418; visit https://reactjs.org/docs/error-decoder.html?invariant=418 for the full message or use the non-minified dev environment for full errors and additional helpful warnings.
    at Ba (http://localhost/assets/react-dom-DaNjEFhM.js:6:4875)
    at Ul (http://localhost/assets/react-dom-DaNjEFhM.js:8:45057)
    at Nl (http://localhost/assets/react-dom-DaNjEFhM.js:8:39306)
    at Ml (http://localhost/assets/react-dom-DaNjEFhM.js:8:39279)
    at _l (http://localhost/assets/react-dom-DaNjEFhM.js:8:34367)
    at te (http://localhost/assets/react-dom-DaNjEFhM.js:1:1597)
    at MessagePort.se (http://localhost/assets/react-dom-DaNjEFhM.js:1:1967)
[     429ms] Error: Minified React error #418; visit https://reactjs.org/docs/error-decoder.html?invariant=418 for the full message or use the non-minified dev environment for full errors and additional helpful warnings.
    at Ba (http://localhost/assets/react-dom-DaNjEFhM.js:6:4875)
    at Ul (http://localhost/assets/react-dom-DaNjEFhM.js:8:45057)
    at Nl (http://localhost/assets/react-dom-DaNjEFhM.js:8:39306)
    at Ml (http://localhost/assets/react-dom-DaNjEFhM.js:8:39279)
    at _l (http://localhost/assets/react-dom-DaNjEFhM.js:8:34367)
    at te (http://localhost/assets/react-dom-DaNjEFhM.js:1:1597)
    at MessagePort.se (http://localhost/assets/react-dom-DaNjEFhM.js:1:1967)
[     429ms] Error: Minified React error #418; visit https://reactjs.org/docs/error-decoder.html?invariant=418 for the full message or use the non-minified dev environment for full errors and additional helpful warnings.
    at Ba (http://localhost/assets/react-dom-DaNjEFhM.js:6:4875)
    at Ul (http://localhost/assets/react-dom-DaNjEFhM.js:8:45057)
    at Nl (http://localhost/assets/react-dom-DaNjEFhM.js:8:39306)
    at Ml (http://localhost/assets/react-dom-DaNjEFhM.js:8:39279)
    at _l (http://localhost/assets/react-dom-DaNjEFhM.js:8:34367)
    at te (http://localhost/assets/react-dom-DaNjEFhM.js:1:1597)
    at MessagePort.se (http://localhost/assets/react-dom-DaNjEFhM.js:1:1967)
[     429ms] Error: Minified React error #418; visit https://reactjs.org/docs/error-decoder.html?invariant=418 for the full message or use the non-minified dev environment for full errors and additional helpful warnings.
    at Ba (http://localhost/assets/react-dom-DaNjEFhM.js:6:4875)
    at Ul (http://localhost/assets/react-dom-DaNjEFhM.js:8:45057)
    at Nl (http://localhost/assets/react-dom-DaNjEFhM.js:8:39306)
    at Ml (http://localhost/assets/react-dom-DaNjEFhM.js:8:39279)
    at _l (http://localhost/assets/react-dom-DaNjEFhM.js:8:34367)
    at te (http://localhost/assets/react-dom-DaNjEFhM.js:1:1597)
    at MessagePort.se (http://localhost/assets/react-dom-DaNjEFhM.js:1:1967)
[     429ms] Error: Minified React error #418; visit https://reactjs.org/docs/error-decoder.html?invariant=418 for the full message or use the non-minified dev environment for full errors and additional helpful warnings.
    at Ba (http://localhost/assets/react-dom-DaNjEFhM.js:6:4875)
    at Ul (http://localhost/assets/react-dom-DaNjEFhM.js:8:45057)
    at Nl (http://localhost/assets/react-dom-DaNjEFhM.js:8:39306)
    at Ml (http://localhost/assets/react-dom-DaNjEFhM.js:8:39279)
    at _l (http://localhost/assets/react-dom-DaNjEFhM.js:8:34367)
    at te (http://localhost/assets/react-dom-DaNjEFhM.js:1:1597)
    at MessagePort.se (http://localhost/assets/react-dom-DaNjEFhM.js:1:1967)
[     429ms] Error: Minified React error #418; visit https://reactjs.org/docs/error-decoder.html?invariant=418 for the full message or use the non-minified dev environment for full errors and additional helpful warnings.
    at Ba (http://localhost/assets/react-dom-DaNjEFhM.js:6:4875)
    at Ul (http://localhost/assets/react-dom-DaNjEFhM.js:8:45057)
    at Nl (http://localhost/assets/react-dom-DaNjEFhM.js:8:39306)
    at Ml (http://localhost/assets/react-dom-DaNjEFhM.js:8:39279)
    at _l (http://localhost/assets/react-dom-DaNjEFhM.js:8:34367)
    at te (http://localhost/assets/react-dom-DaNjEFhM.js:1:1597)
    at MessagePort.se (http://localhost/assets/react-dom-DaNjEFhM.js:1:1967)
[     430ms] Error: Minified React error #418; visit https://reactjs.org/docs/error-decoder.html?invariant=418 for the full message or use the non-minified dev environment for full errors and additional helpful warnings.
    at Ba (http://localhost/assets/react-dom-DaNjEFhM.js:6:4875)
    at Ul (http://localhost/assets/react-dom-DaNjEFhM.js:8:45057)
    at Nl (http://localhost/assets/react-dom-DaNjEFhM.js:8:39306)
    at Ml (http://localhost/assets/react-dom-DaNjEFhM.js:8:39279)
    at _l (http://localhost/assets/react-dom-DaNjEFhM.js:8:34367)
    at te (http://localhost/assets/react-dom-DaNjEFhM.js:1:1597)
    at MessagePort.se (http://localhost/assets/react-dom-DaNjEFhM.js:1:1967)
[     430ms] Error: Minified React error #418; visit https://reactjs.org/docs/error-decoder.html?invariant=418 for the full message or use the non-minified dev environment for full errors and additional helpful warnings.
    at Ba (http://localhost/assets/react-dom-DaNjEFhM.js:6:4875)
    at Ul (http://localhost/assets/react-dom-DaNjEFhM.js:8:45057)
    at Nl (http://localhost/assets/react-dom-DaNjEFhM.js:8:39306)
    at Ml (http://localhost/assets/react-dom-DaNjEFhM.js:8:39279)
    at _l (http://localhost/assets/react-dom-DaNjEFhM.js:8:34367)
    at te (http://localhost/assets/react-dom-DaNjEFhM.js:1:1597)
    at MessagePort.se (http://localhost/assets/react-dom-DaNjEFhM.js:1:1967)
[     430ms] Error: Minified React error #418; visit https://reactjs.org/docs/error-decoder.html?invariant=418 for the full message or use the non-minified dev environment for full errors and additional helpful warnings.
    at Ba (http://localhost/assets/react-dom-DaNjEFhM.js:6:4875)
    at Ul (http://localhost/assets/react-dom-DaNjEFhM.js:8:45057)
    at Nl (http://localhost/assets/react-dom-DaNjEFhM.js:8:39306)
    at Ml (http://localhost/assets/react-dom-DaNjEFhM.js:8:39279)
    at _l (http://localhost/assets/react-dom-DaNjEFhM.js:8:34367)
    at te (http://localhost/assets/react-dom-DaNjEFhM.js:1:1597)
    at MessagePort.se (http://localhost/assets/react-dom-DaNjEFhM.js:1:1967)
[     430ms] Error: Minified React error #418; visit https://reactjs.org/docs/error-decoder.html?invariant=418 for the full message or use the non-minified dev environment for full errors and additional helpful warnings.
    at Ba (http://localhost/assets/react-dom-DaNjEFhM.js:6:4875)
    at Ul (http://localhost/assets/react-dom-DaNjEFhM.js:8:45057)
    at Nl (http://localhost/assets/react-dom-DaNjEFhM.js:8:39306)
    at Ml (http://localhost/assets/react-dom-DaNjEFhM.js:8:39279)
    at _l (http://localhost/assets/react-dom-DaNjEFhM.js:8:34367)
    at te (http://localhost/assets/react-dom-DaNjEFhM.js:1:1597)
    at MessagePort.se (http://localhost/assets/react-dom-DaNjEFhM.js:1:1967)
[     430ms] Error: Minified React error #418; visit https://reactjs.org/docs/error-decoder.html?invariant=418 for the full message or use the non-minified dev environment for full errors and additional helpful warnings.
    at Ba (http://localhost/assets/react-dom-DaNjEFhM.js:6:4875)
    at Ul (http://localhost/assets/react-dom-DaNjEFhM.js:8:45057)
    at Nl (http://localhost/assets/react-dom-DaNjEFhM.js:8:39306)
    at Ml (http://localhost/assets/react-dom-DaNjEFhM.js:8:39279)
    at _l (http://localhost/assets/react-dom-DaNjEFhM.js:8:34367)
    at te (http://localhost/assets/react-dom-DaNjEFhM.js:1:1597)
    at MessagePort.se (http://localhost/assets/react-dom-DaNjEFhM.js:1:1967)
[     430ms] Error: Minified React error #418; visit https://reactjs.org/docs/error-decoder.html?invariant=418 for the full message or use the non-minified dev environment for full errors and additional helpful warnings.
    at Ba (http://localhost/assets/react-dom-DaNjEFhM.js:6:4875)
    at Ul (http://localhost/assets/react-dom-DaNjEFhM.js:8:45057)
    at Nl (http://localhost/assets/react-dom-DaNjEFhM.js:8:39306)
    at Ml (http://localhost/assets/react-dom-DaNjEFhM.js:8:39279)
    at _l (http://localhost/assets/react-dom-DaNjEFhM.js:8:34367)
    at te (http://localhost/assets/react-dom-DaNjEFhM.js:1:1597)
    at MessagePort.se (http://localhost/assets/react-dom-DaNjEFhM.js:1:1967)
[     430ms] Error: Minified React error #418; visit https://reactjs.org/docs/error-decoder.html?invariant=418 for the full message or use the non-minified dev environment for full errors and additional helpful warnings.
    at Ba (http://localhost/assets/react-dom-DaNjEFhM.js:6:4875)
    at Ul (http://localhost/assets/react-dom-DaNjEFhM.js:8:45057)
    at Nl (http://localhost/assets/react-dom-DaNjEFhM.js:8:39306)
    at Ml (http://localhost/assets/react-dom-DaNjEFhM.js:8:39279)
    at _l (http://localhost/assets/react-dom-DaNjEFhM.js:8:34367)
    at te (http://localhost/assets/react-dom-DaNjEFhM.js:1:1597)
    at MessagePort.se (http://localhost/assets/react-dom-DaNjEFhM.js:1:1967)
[     430ms] Error: Minified React error #418; visit https://reactjs.org/docs/error-decoder.html?invariant=418 for the full message or use the non-minified dev environment for full errors and additional helpful warnings.
    at Ba (http://localhost/assets/react-dom-DaNjEFhM.js:6:4875)
    at Ul (http://localhost/assets/react-dom-DaNjEFhM.js:8:45057)
    at Nl (http://localhost/assets/react-dom-DaNjEFhM.js:8:39306)
    at Ml (http://localhost/assets/react-dom-DaNjEFhM.js:8:39279)
    at _l (http://localhost/assets/react-dom-DaNjEFhM.js:8:34367)
    at te (http://localhost/assets/react-dom-DaNjEFhM.js:1:1597)
    at MessagePort.se (http://localhost/assets/react-dom-DaNjEFhM.js:1:1967)
[     431ms] Error: Minified React error #418; visit https://reactjs.org/docs/error-decoder.html?invariant=418 for the full message or use the non-minified dev environment for full errors and additional helpful warnings.
    at Ba (http://localhost/assets/react-dom-DaNjEFhM.js:6:4875)
    at Ul (http://localhost/assets/react-dom-DaNjEFhM.js:8:45057)
    at Nl (http://localhost/assets/react-dom-DaNjEFhM.js:8:39306)
    at Ml (http://localhost/assets/react-dom-DaNjEFhM.js:8:39279)
    at _l (http://localhost/assets/react-dom-DaNjEFhM.js:8:34367)
    at te (http://localhost/assets/react-dom-DaNjEFhM.js:1:1597)
    at MessagePort.se (http://localhost/assets/react-dom-DaNjEFhM.js:1:1967)
[     431ms] Error: Minified React error #423; visit https://reactjs.org/docs/error-decoder.html?invariant=423 for the full message or use the non-minified dev environment for full errors and additional helpful warnings.
    at Ul (http://localhost/assets/react-dom-DaNjEFhM.js:8:44720)
    at Nl (http://localhost/assets/react-dom-DaNjEFhM.js:8:39306)
    at jl (http://localhost/assets/react-dom-DaNjEFhM.js:8:39237)
    at Al (http://localhost/assets/react-dom-DaNjEFhM.js:8:39097)
    at vl (http://localhost/assets/react-dom-DaNjEFhM.js:8:35533)
    at _l (http://localhost/assets/react-dom-DaNjEFhM.js:8:34499)
    at te (http://localhost/assets/react-dom-DaNjEFhM.js:1:1597)
    at MessagePort.se (http://localhost/assets/react-dom-DaNjEFhM.js:1:1967)
[     660ms] [ERROR] Failed to load resource: the server responded with a status of 401 (Unauthorized) @ http://localhost/api/users/me/:0
[   32931ms] [INFO] 🌐 i18next is made possible by our own product, Locize — consider powering your project with managed localization (AI, CDN, integrations): https://locize.com 💙 @ http://localhost/assets/dist-DkFD2PhT.js:0
[   33104ms] Error: Minified React error #418; visit https://react.dev/errors/418?args[]=HTML&args[]= for the full message or use the non-minified dev environment for full errors and additional helpful warnings.
    at Ji (http://localhost/assets/client-DbgwVzsP.js:8:31211)
    at Lc (http://localhost/assets/client-DbgwVzsP.js:8:81698)
    at Nu (http://localhost/assets/client-DbgwVzsP.js:8:115507)
    at Mu (http://localhost/assets/client-DbgwVzsP.js:8:115480)
    at ju (http://localhost/assets/client-DbgwVzsP.js:8:115342)
    at _u (http://localhost/assets/client-DbgwVzsP.js:8:110942)
    at ld (http://localhost/assets/client-DbgwVzsP.js:8:122794)
    at MessagePort.ae (http://localhost/assets/client-DbgwVzsP.js:1:1634)
[   73279ms] [WARNING] Canvas2D: Multiple readback operations using getImageData are faster with the willReadFrequently attribute set to true. See: https://html.spec.whatwg.org/multipage/canvas.html#concept-canvas-will-read-frequently @ http://localhost/assets/document-collaborative-events-BEloDC-L-BT1NCmHx.js:96
